label: gpt
label-id: 00E731B4-F959-4D92-9AF2-366C2F14C739
device: /dev/sda
unit: sectors
first-lba: 34
last-lba: 838860766

/dev/sda1 : start=        2048, size=     1998848, type=0FC63DAF-8483-4772-8E79-3D69D8477DE4, uuid=9563B672-9D17-478B-A394-9CE2C56DD45A
/dev/sda2 : start=     2000896, size=     2000896, type=C12A7328-F81F-11D2-BA4B-00A0C93EC93B, uuid=ED3BEDB5-DFDE-4CE7-B5B6-F473AECA0170
/dev/sda3 : start=     4001792, size=    32000000, type=0FC63DAF-8483-4772-8E79-3D69D8477DE4, uuid=B460B828-D5F9-42FC-BFFB-9C0D580145FA
/dev/sda4 : start=    36001792, size=   128000000, type=0FC63DAF-8483-4772-8E79-3D69D8477DE4, uuid=91363A3C-9167-46FF-AECB-6C7A9231DB96
/dev/sda5 : start=   164001792, size=    32000000, type=0FC63DAF-8483-4772-8E79-3D69D8477DE4, uuid=88DC4204-31E1-4C90-9472-6D9FD62DA67C
/dev/sda6 : start=   196001792, size=     7999488, type=0FC63DAF-8483-4772-8E79-3D69D8477DE4, uuid=FFD33427-58D0-476B-840B-830726D404A2
/dev/sda7 : start=   204001280, size=     7999488, type=0FC63DAF-8483-4772-8E79-3D69D8477DE4, uuid=8E5072AE-B5E4-4EC3-9223-83FFA9511710
/dev/sda8 : start=   212000768, size=    64000000, type=0FC63DAF-8483-4772-8E79-3D69D8477DE4, uuid=45DFE458-851E-44D0-834D-CCD697BB0C7C
/dev/sda9 : start=   276000768, size=     7999488, type=0FC63DAF-8483-4772-8E79-3D69D8477DE4, uuid=DB1D9F2A-1BEB-4633-B599-DBCBC27BC003
/dev/sda10 : start=   284000256, size=    64000000, type=0657FD6D-A4AB-43C4-84E5-0933C84B4F4F, uuid=539A2B87-7626-47B4-914F-0A931798F7DA
/dev/sda11 : start=   348000256, size=   199997440, type=0FC63DAF-8483-4772-8E79-3D69D8477DE4, uuid=83DC884C-A2A9-44BF-B1F6-4B211B21705C
