label: gpt
label-id: C2935293-8C8E-432B-A976-0AB604350725
device: /dev/sda
unit: sectors
first-lba: 34
last-lba: 1048575966
sector-size: 512

/dev/sda1 : start=        2048, size=     1048576, type=C12A7328-F81F-11D2-BA4B-00A0C93EC93B, uuid=B911155A-875B-4B26-800F-9D96D5CBADC5, name="/boot/efi"
/dev/sda2 : start=     1050624, size=     1048576, type=0FC63DAF-8483-4772-8E79-3D69D8477DE4, uuid=37E477B6-7224-4ECB-B521-550139FD42FE, name="/boot"
/dev/sda3 : start=     2099200, size=     8388608, type=0FC63DAF-8483-4772-8E79-3D69D8477DE4, uuid=DF79520D-2CD5-4BE4-AB72-61ACC7361A44, name="/"
/dev/sda4 : start=    10487808, size=   201326592, type=0FC63DAF-8483-4772-8E79-3D69D8477DE4, uuid=9FD86BDF-B693-462D-A372-C4FE39E92285, name="/home"
/dev/sda5 : start=   211814400, size=    50331648, type=0FC63DAF-8483-4772-8E79-3D69D8477DE4, uuid=25C926D0-2B3E-41C8-9948-AE622817E210, name="/usr"
/dev/sda6 : start=   262146048, size=     4194304, type=0FC63DAF-8483-4772-8E79-3D69D8477DE4, uuid=EED4EA46-AE6C-4A5A-8F04-B323AF9DE251, name="/var"
/dev/sda7 : start=   266340352, size=     4194304, type=0FC63DAF-8483-4772-8E79-3D69D8477DE4, uuid=063ECB81-B2E4-4647-A087-72F5CB18F41B, name="/var/log"
/dev/sda8 : start=   270534656, size=   100663296, type=0FC63DAF-8483-4772-8E79-3D69D8477DE4, uuid=35C689C4-4AC5-4259-8247-047249DE979E, name="/opt/usr/roberto"
/dev/sda9 : start=   371197952, size=     2097152, type=0FC63DAF-8483-4772-8E79-3D69D8477DE4, uuid=A317DDCE-77DB-4FE6-B324-D0F9D1839B88, name="/var/cache"
/dev/sda10 : start=   373295104, size=    67108864, type=0657FD6D-A4AB-43C4-84E5-0933C84B4F4F, uuid=8B22CABB-9A25-4DF2-B1CD-9E158AA03DF0
/dev/sda11 : start=   440403968, size=   209715200, type=0FC63DAF-8483-4772-8E79-3D69D8477DE4, uuid=3D219FB7-7037-4AAD-9826-0CAA665994CB, name="/var/lib/docker"
